2025-09-29T00:00:03.025+02:00  INFO 35344 --- [main] o.s.s.web.DefaultSecurityFilterChain     : Will secure any request with [org.springframework.security.web.session.DisableEncodeUrlFilter@19e5e846, org.springframework.security.web.context.request.async.WebAsyncManagerIntegrationFilter@12418d3f, org.springframework.security.web.context.SecurityContextHolderFilter@17d3bf09, org.springframework.security.web.header.HeaderWriterFilter@25058759, org.springframework.web.filter.CorsFilter@2258228f, org.springframework.security.web.authentication.logout.LogoutFilter@545e200b, org.springframework.security.oauth2.server.resource.web.authentication.BearerTokenAuthenticationFilter@630a647c, org.springframework.security.web.savedrequest.RequestCacheAwareFilter@2cb95c6c, org.springframework.security.web.servletapi.SecurityContextHolderAwareRequestFilter@1e250539, org.springframework.security.web.authentication.AnonymousAuthenticationFilter@42210d27, org.springframework.security.web.session.SessionManagementFilter@47db5b8f, org.springframework.security.web.access.ExceptionTranslationFilter@28357fc3, org.springframework.security.web.access.intercept.AuthorizationFilter@453fcce2]
2025-09-29T00:00:04.737+02:00  INFO 35344 --- [main] o.s.b.w.embedded.tomcat.TomcatWebServer  : Tomcat started on port(s): 8080 (http) with context path ''
2025-09-29T00:00:04.846+02:00  INFO 35344 --- [main] com.example.ddmdemo.DdmdemoApplication   : Started DdmdemoApplication in 40.878 seconds (process running for 46.097)
2025-09-29T00:02:42.129+02:00  INFO 35344 --- [http-nio-0.0.0.0-8080-exec-2] o.a.c.c.C.[Tomcat].[localhost].[/]       : Initializing Spring DispatcherServlet 'dispatcherServlet'
2025-09-29T00:02:42.131+02:00  INFO 35344 --- [http-nio-0.0.0.0-8080-exec-2] o.s.web.servlet.DispatcherServlet        : Initializing Servlet 'dispatcherServlet'
2025-09-29T00:02:42.135+02:00  INFO 35344 --- [http-nio-0.0.0.0-8080-exec-2] o.s.web.servlet.DispatcherServlet        : Completed initialization in 4 ms
2025-09-29T00:11:11.259+02:00  INFO 35344 --- [SpringApplicationShutdownHook] j.LocalContainerEntityManagerFactoryBean : Closing JPA EntityManagerFactory for persistence unit 'default'
2025-09-29T00:11:11.500+02:00  INFO 35344 --- [SpringApplicationShutdownHook] com.zaxxer.hikari.HikariDataSource       : HikariPool-1 - Shutdown initiated...
2025-09-29T00:11:11.635+02:00  INFO 35344 --- [SpringApplicationShutdownHook] com.zaxxer.hikari.HikariDataSource       : HikariPool-1 - Shutdown completed.
2025-09-29T00:23:31.513+02:00  INFO 36188 --- [main] com.example.ddmdemo.DdmdemoApplication   : Starting DdmdemoApplication using Java 22.0.2 with PID 36188 (C:\Users\radov\OneDrive\Desktop\UDD_PROJEKAT\udd-back-end\target\classes started by radov in C:\Users\radov\OneDrive\Desktop\UDD_PROJEKAT\udd-back-end)
2025-09-29T00:23:31.620+02:00  INFO 36188 --- [main] com.example.ddmdemo.DdmdemoApplication   : No active profile set, falling back to 1 default profile: "default"
2025-09-29T00:23:41.750+02:00  INFO 36188 --- [main] .s.d.r.c.RepositoryConfigurationDelegate : Multiple Spring Data modules found, entering strict repository configuration mode
2025-09-29T00:23:41.753+02:00  INFO 36188 --- [main] .s.d.r.c.RepositoryConfigurationDelegate : Bootstrapping Spring Data Elasticsearch repositories in DEFAULT mode.
2025-09-29T00:23:42.025+02:00  INFO 36188 --- [main] .s.d.r.c.RepositoryConfigurationDelegate : Finished Spring Data repository scanning in 259 ms. Found 1 Elasticsearch repository interfaces.
2025-09-29T00:23:43.024+02:00  INFO 36188 --- [main] .s.d.r.c.RepositoryConfigurationDelegate : Multiple Spring Data modules found, entering strict repository configuration mode
2025-09-29T00:23:43.026+02:00  INFO 36188 --- [main] .s.d.r.c.RepositoryConfigurationDelegate : Bootstrapping Spring Data Reactive Elasticsearch repositories in DEFAULT mode.
2025-09-29T00:23:43.146+02:00  INFO 36188 --- [main] .RepositoryConfigurationExtensionSupport : Spring Data Reactive Elasticsearch - Could not safely identify store assignment for repository candidate interface com.example.ddmdemo.respository.IncidentReportRepository; If you want this repository to be a Reactive Elasticsearch repository, consider annotating your entities with one of these annotations: org.springframework.data.elasticsearch.annotations.Document (preferred), or consider extending one of the following types with your repository: org.springframework.data.elasticsearch.repository.ReactiveElasticsearchRepository
2025-09-29T00:23:43.147+02:00  INFO 36188 --- [main] .s.d.r.c.RepositoryConfigurationDelegate : Finished Spring Data repository scanning in 119 ms. Found 0 Reactive Elasticsearch repository interfaces.
2025-09-29T00:23:43.184+02:00  INFO 36188 --- [main] .s.d.r.c.RepositoryConfigurationDelegate : Multiple Spring Data modules found, entering strict repository configuration mode
2025-09-29T00:23:43.188+02:00  INFO 36188 --- [main] .s.d.r.c.RepositoryConfigurationDelegate : Bootstrapping Spring Data JPA repositories in DEFAULT mode.
2025-09-29T00:23:43.297+02:00  INFO 36188 --- [main] .RepositoryConfigurationExtensionSupport : Spring Data JPA - Could not safely identify store assignment for repository candidate interface com.example.ddmdemo.indexrepository.DummyIndexRepository; If you want this repository to be a JPA repository, consider annotating your entities with one of these annotations: jakarta.persistence.Entity, jakarta.persistence.MappedSuperclass (preferred), or consider extending one of the following types with your repository: org.springframework.data.jpa.repository.JpaRepository
2025-09-29T00:23:43.304+02:00  INFO 36188 --- [main] .RepositoryConfigurationExtensionSupport : Spring Data JPA - Could not safely identify store assignment for repository candidate interface com.example.ddmdemo.repositoryIndex.IncidentReportIndexRepository; If you want this repository to be a JPA repository, consider annotating your entities with one of these annotations: jakarta.persistence.Entity, jakarta.persistence.MappedSuperclass (preferred), or consider extending one of the following types with your repository: org.springframework.data.jpa.repository.JpaRepository
2025-09-29T00:23:43.371+02:00  INFO 36188 --- [main] .s.d.r.c.RepositoryConfigurationDelegate : Finished Spring Data repository scanning in 131 ms. Found 1 JPA repository interfaces.
2025-09-29T00:23:45.645+02:00  INFO 36188 --- [main] o.s.cloud.context.scope.GenericScope     : BeanFactory id=b0272c1c-3c58-30dd-9f16-e0835702f8ab
2025-09-29T00:23:49.353+02:00  INFO 36188 --- [main] o.s.b.w.embedded.tomcat.TomcatWebServer  : Tomcat initialized with port(s): 8080 (http)
2025-09-29T00:23:49.437+02:00  INFO 36188 --- [main] o.apache.catalina.core.StandardService   : Starting service [Tomcat]
2025-09-29T00:23:49.438+02:00  INFO 36188 --- [main] o.apache.catalina.core.StandardEngine    : Starting Servlet engine: [Apache Tomcat/10.1.15]
2025-09-29T00:23:50.628+02:00  INFO 36188 --- [main] o.a.c.c.C.[Tomcat].[localhost].[/]       : Initializing Spring embedded WebApplicationContext
2025-09-29T00:23:50.632+02:00  INFO 36188 --- [main] w.s.c.ServletWebServerApplicationContext : Root WebApplicationContext: initialization completed in 18379 ms
2025-09-29T00:23:51.755+02:00  INFO 36188 --- [main] o.hibernate.jpa.internal.util.LogHelper  : HHH000204: Processing PersistenceUnitInfo [name: default]
2025-09-29T00:23:52.631+02:00  INFO 36188 --- [main] org.hibernate.Version                    : HHH000412: Hibernate ORM core version 6.2.13.Final
2025-09-29T00:23:52.644+02:00  INFO 36188 --- [main] org.hibernate.cfg.Environment            : HHH000406: Using bytecode reflection optimizer
2025-09-29T00:23:56.290+02:00  INFO 36188 --- [main] o.s.o.j.p.SpringPersistenceUnitInfo      : No LoadTimeWeaver setup: ignoring JPA class transformer
2025-09-29T00:23:56.552+02:00  INFO 36188 --- [main] com.zaxxer.hikari.HikariDataSource       : HikariPool-1 - Starting...
2025-09-29T00:23:58.359+02:00  INFO 36188 --- [main] com.zaxxer.hikari.pool.HikariPool        : HikariPool-1 - Added connection org.postgresql.jdbc.PgConnection@dbc7e0a
2025-09-29T00:23:58.366+02:00  INFO 36188 --- [main] com.zaxxer.hikari.HikariDataSource       : HikariPool-1 - Start completed.
2025-09-29T00:23:58.703+02:00  WARN 36188 --- [main] org.hibernate.orm.deprecation            : HHH90000025: PostgreSQLDialect does not need to be specified explicitly using 'hibernate.dialect' (remove the property setting and it will be selected by default)
2025-09-29T00:24:08.379+02:00  INFO 36188 --- [main] o.h.e.t.j.p.i.JtaPlatformInitiator       : HHH000489: No JTA platform available (set 'hibernate.transaction.jta.platform' to enable JTA platform integration)
2025-09-29T00:24:09.235+02:00  INFO 36188 --- [main] j.LocalContainerEntityManagerFactoryBean : Initialized JPA EntityManagerFactory for persistence unit 'default'
2025-09-29T00:24:23.307+02:00  WARN 36188 --- [main] ai.djl.pytorch.jni.LibUtils              : No matching cuda flavor for win-x86_64 found: cu065.
2025-09-29T00:24:31.359+02:00  INFO 36188 --- [main] ai.djl.pytorch.engine.PtEngine           : PyTorch graph executor optimizer is enabled, this may impact your inference latency and throughput. See: https://docs.djl.ai/docs/development/inference_performance_optimization.html#graph-executor-optimization
2025-09-29T00:24:31.473+02:00  INFO 36188 --- [main] ai.djl.pytorch.engine.PtEngine           : Number of inter-op threads is 8
2025-09-29T00:24:31.474+02:00  INFO 36188 --- [main] ai.djl.pytorch.engine.PtEngine           : Number of intra-op threads is 4
2025-09-29T00:24:32.884+02:00  INFO 36188 --- [main] ai.djl.util.Platform                     : Found matching platform from: jar:file:/C:/Users/radov/.m2/repository/ai/djl/huggingface/tokenizers/0.28.0/tokenizers-0.28.0.jar!/native/lib/tokenizers.properties
2025-09-29T00:24:40.878+02:00  INFO 36188 --- [main] o.s.s.web.DefaultSecurityFilterChain     : Will secure any request with [org.springframework.security.web.session.DisableEncodeUrlFilter@1a9ba6c2, org.springframework.security.web.context.request.async.WebAsyncManagerIntegrationFilter@2e940dd0, org.springframework.security.web.context.SecurityContextHolderFilter@423325e0, org.springframework.security.web.header.HeaderWriterFilter@314e240c, org.springframework.web.filter.CorsFilter@24a4e9c0, org.springframework.security.web.authentication.logout.LogoutFilter@8588a62, org.springframework.security.oauth2.server.resource.web.authentication.BearerTokenAuthenticationFilter@1aa21319, org.springframework.security.web.savedrequest.RequestCacheAwareFilter@7a4ea134, org.springframework.security.web.servletapi.SecurityContextHolderAwareRequestFilter@4dd56393, org.springframework.security.web.authentication.AnonymousAuthenticationFilter@609a996f, org.springframework.security.web.session.SessionManagementFilter@3fc4e667, org.springframework.security.web.access.ExceptionTranslationFilter@7c5c53e5, org.springframework.security.web.access.intercept.AuthorizationFilter@59bdd277]
2025-09-29T00:24:42.423+02:00  INFO 36188 --- [main] o.s.b.w.embedded.tomcat.TomcatWebServer  : Tomcat started on port(s): 8080 (http) with context path ''
2025-09-29T00:24:42.468+02:00  INFO 36188 --- [main] com.example.ddmdemo.DdmdemoApplication   : Started DdmdemoApplication in 76.195 seconds (process running for 85.898)
2025-09-29T00:25:56.023+02:00  INFO 36188 --- [http-nio-0.0.0.0-8080-exec-1] o.a.c.c.C.[Tomcat].[localhost].[/]       : Initializing Spring DispatcherServlet 'dispatcherServlet'
2025-09-29T00:25:56.023+02:00  INFO 36188 --- [http-nio-0.0.0.0-8080-exec-1] o.s.web.servlet.DispatcherServlet        : Initializing Servlet 'dispatcherServlet'
2025-09-29T00:25:56.034+02:00  INFO 36188 --- [http-nio-0.0.0.0-8080-exec-1] o.s.web.servlet.DispatcherServlet        : Completed initialization in 10 ms
2025-09-29T00:32:28.831+02:00  INFO 36188 --- [SpringApplicationShutdownHook] j.LocalContainerEntityManagerFactoryBean : Closing JPA EntityManagerFactory for persistence unit 'default'
2025-09-29T00:32:28.843+02:00  INFO 36188 --- [SpringApplicationShutdownHook] com.zaxxer.hikari.HikariDataSource       : HikariPool-1 - Shutdown initiated...
2025-09-29T00:32:28.925+02:00  INFO 36188 --- [SpringApplicationShutdownHook] com.zaxxer.hikari.HikariDataSource       : HikariPool-1 - Shutdown completed.
2025-09-29T19:19:12.836+02:00  INFO 9564 --- [main] com.example.ddmdemo.DdmdemoApplication   : Starting DdmdemoApplication using Java 22.0.2 with PID 9564 (C:\Users\radov\OneDrive\Desktop\UDD_PROJEKAT\udd-back-end\target\classes started by radov in C:\Users\radov\OneDrive\Desktop\UDD_PROJEKAT\udd-back-end)
2025-09-29T19:19:12.841+02:00  INFO 9564 --- [main] com.example.ddmdemo.DdmdemoApplication   : No active profile set, falling back to 1 default profile: "default"
2025-09-29T19:19:17.128+02:00  INFO 9564 --- [main] .s.d.r.c.RepositoryConfigurationDelegate : Multiple Spring Data modules found, entering strict repository configuration mode
2025-09-29T19:19:17.131+02:00  INFO 9564 --- [main] .s.d.r.c.RepositoryConfigurationDelegate : Bootstrapping Spring Data Elasticsearch repositories in DEFAULT mode.
2025-09-29T19:19:17.261+02:00  INFO 9564 --- [main] .s.d.r.c.RepositoryConfigurationDelegate : Finished Spring Data repository scanning in 115 ms. Found 1 Elasticsearch repository interfaces.
2025-09-29T19:19:18.042+02:00  INFO 9564 --- [main] .s.d.r.c.RepositoryConfigurationDelegate : Multiple Spring Data modules found, entering strict repository configuration mode
2025-09-29T19:19:18.044+02:00  INFO 9564 --- [main] .s.d.r.c.RepositoryConfigurationDelegate : Bootstrapping Spring Data Reactive Elasticsearch repositories in DEFAULT mode.
2025-09-29T19:19:18.132+02:00  INFO 9564 --- [main] .RepositoryConfigurationExtensionSupport : Spring Data Reactive Elasticsearch - Could not safely identify store assignment for repository candidate interface com.example.ddmdemo.respository.IncidentReportRepository; If you want this repository to be a Reactive Elasticsearch repository, consider annotating your entities with one of these annotations: org.springframework.data.elasticsearch.annotations.Document (preferred), or consider extending one of the following types with your repository: org.springframework.data.elasticsearch.repository.ReactiveElasticsearchRepository
2025-09-29T19:19:18.133+02:00  INFO 9564 --- [main] .s.d.r.c.RepositoryConfigurationDelegate : Finished Spring Data repository scanning in 86 ms. Found 0 Reactive Elasticsearch repository interfaces.
2025-09-29T19:19:18.157+02:00  INFO 9564 --- [main] .s.d.r.c.RepositoryConfigurationDelegate : Multiple Spring Data modules found, entering strict repository configuration mode
2025-09-29T19:19:18.160+02:00  INFO 9564 --- [main] .s.d.r.c.RepositoryConfigurationDelegate : Bootstrapping Spring Data JPA repositories in DEFAULT mode.
2025-09-29T19:19:18.196+02:00  INFO 9564 --- [main] .RepositoryConfigurationExtensionSupport : Spring Data JPA - Could not safely identify store assignment for repository candidate interface com.example.ddmdemo.indexrepository.DummyIndexRepository; If you want this repository to be a JPA repository, consider annotating your entities with one of these annotations: jakarta.persistence.Entity, jakarta.persistence.MappedSuperclass (preferred), or consider extending one of the following types with your repository: org.springframework.data.jpa.repository.JpaRepository
2025-09-29T19:19:18.200+02:00  INFO 9564 --- [main] .RepositoryConfigurationExtensionSupport : Spring Data JPA - Could not safely identify store assignment for repository candidate interface com.example.ddmdemo.repositoryIndex.IncidentReportIndexRepository; If you want this repository to be a JPA repository, consider annotating your entities with one of these annotations: jakarta.persistence.Entity, jakarta.persistence.MappedSuperclass (preferred), or consider extending one of the following types with your repository: org.springframework.data.jpa.repository.JpaRepository
2025-09-29T19:19:18.235+02:00  INFO 9564 --- [main] .s.d.r.c.RepositoryConfigurationDelegate : Finished Spring Data repository scanning in 66 ms. Found 1 JPA repository interfaces.
2025-09-29T19:19:19.267+02:00  INFO 9564 --- [main] o.s.cloud.context.scope.GenericScope     : BeanFactory id=b0272c1c-3c58-30dd-9f16-e0835702f8ab
2025-09-29T19:19:20.944+02:00  INFO 9564 --- [main] o.s.b.w.embedded.tomcat.TomcatWebServer  : Tomcat initialized with port(s): 8080 (http)
2025-09-29T19:19:20.982+02:00  INFO 9564 --- [main] o.apache.catalina.core.StandardService   : Starting service [Tomcat]
2025-09-29T19:19:20.983+02:00  INFO 9564 --- [main] o.apache.catalina.core.StandardEngine    : Starting Servlet engine: [Apache Tomcat/10.1.15]
2025-09-29T19:19:21.543+02:00  INFO 9564 --- [main] o.a.c.c.C.[Tomcat].[localhost].[/]       : Initializing Spring embedded WebApplicationContext
2025-09-29T19:19:21.545+02:00  INFO 9564 --- [main] w.s.c.ServletWebServerApplicationContext : Root WebApplicationContext: initialization completed in 8530 ms
2025-09-29T19:19:21.970+02:00  INFO 9564 --- [main] o.hibernate.jpa.internal.util.LogHelper  : HHH000204: Processing PersistenceUnitInfo [name: default]
2025-09-29T19:19:22.235+02:00  INFO 9564 --- [main] org.hibernate.Version                    : HHH000412: Hibernate ORM core version 6.2.13.Final
2025-09-29T19:19:22.248+02:00  INFO 9564 --- [main] org.hibernate.cfg.Environment            : HHH000406: Using bytecode reflection optimizer
2025-09-29T19:19:23.058+02:00  INFO 9564 --- [main] o.s.o.j.p.SpringPersistenceUnitInfo      : No LoadTimeWeaver setup: ignoring JPA class transformer
2025-09-29T19:19:23.176+02:00  INFO 9564 --- [main] com.zaxxer.hikari.HikariDataSource       : HikariPool-1 - Starting...
2025-09-29T19:19:23.841+02:00  INFO 9564 --- [main] com.zaxxer.hikari.pool.HikariPool        : HikariPool-1 - Added connection org.postgresql.jdbc.PgConnection@173a5fad
2025-09-29T19:19:23.846+02:00  INFO 9564 --- [main] com.zaxxer.hikari.HikariDataSource       : HikariPool-1 - Start completed.
2025-09-29T19:19:24.040+02:00  WARN 9564 --- [main] org.hibernate.orm.deprecation            : HHH90000025: PostgreSQLDialect does not need to be specified explicitly using 'hibernate.dialect' (remove the property setting and it will be selected by default)
2025-09-29T19:19:27.351+02:00  INFO 9564 --- [main] o.h.e.t.j.p.i.JtaPlatformInitiator       : HHH000489: No JTA platform available (set 'hibernate.transaction.jta.platform' to enable JTA platform integration)
2025-09-29T19:19:27.714+02:00  INFO 9564 --- [main] j.LocalContainerEntityManagerFactoryBean : Initialized JPA EntityManagerFactory for persistence unit 'default'
2025-09-29T19:19:35.161+02:00  WARN 9564 --- [main] ai.djl.pytorch.jni.LibUtils              : No matching cuda flavor for win-x86_64 found: cu065.
2025-09-29T19:19:40.732+02:00  INFO 9564 --- [main] ai.djl.pytorch.engine.PtEngine           : PyTorch graph executor optimizer is enabled, this may impact your inference latency and throughput. See: https://docs.djl.ai/docs/development/inference_performance_optimization.html#graph-executor-optimization
2025-09-29T19:19:40.767+02:00  INFO 9564 --- [main] ai.djl.pytorch.engine.PtEngine           : Number of inter-op threads is 8
2025-09-29T19:19:40.768+02:00  INFO 9564 --- [main] ai.djl.pytorch.engine.PtEngine           : Number of intra-op threads is 4
2025-09-29T19:19:41.676+02:00  INFO 9564 --- [main] ai.djl.util.Platform                     : Found matching platform from: jar:file:/C:/Users/radov/.m2/repository/ai/djl/huggingface/tokenizers/0.28.0/tokenizers-0.28.0.jar!/native/lib/tokenizers.properties
2025-09-29T19:19:48.835+02:00  INFO 9564 --- [main] o.s.s.web.DefaultSecurityFilterChain     : Will secure any request with [org.springframework.security.web.session.DisableEncodeUrlFilter@3c88db1, org.springframework.security.web.context.request.async.WebAsyncManagerIntegrationFilter@241861bc, org.springframework.security.web.context.SecurityContextHolderFilter@7d45e754, org.springframework.security.web.header.HeaderWriterFilter@5860e4c3, org.springframework.web.filter.CorsFilter@5078e308, org.springframework.security.web.authentication.logout.LogoutFilter@97842a0, org.springframework.security.oauth2.server.resource.web.authentication.BearerTokenAuthenticationFilter@7d412ab5, org.springframework.security.web.savedrequest.RequestCacheAwareFilter@213fc7e7, org.springframework.security.web.servletapi.SecurityContextHolderAwareRequestFilter@5e18a6a7, org.springframework.security.web.authentication.AnonymousAuthenticationFilter@2045a469, org.springframework.security.web.session.SessionManagementFilter@18ce7872, org.springframework.security.web.access.ExceptionTranslationFilter@1484cb57, org.springframework.security.web.access.intercept.AuthorizationFilter@74307afd]
2025-09-29T19:19:49.798+02:00  INFO 9564 --- [main] o.s.b.w.embedded.tomcat.TomcatWebServer  : Tomcat started on port(s): 8080 (http) with context path ''
2025-09-29T19:19:49.845+02:00  INFO 9564 --- [main] com.example.ddmdemo.DdmdemoApplication   : Started DdmdemoApplication in 39.268 seconds (process running for 46.625)
2025-09-29T19:23:09.963+02:00  INFO 9564 --- [http-nio-0.0.0.0-8080-exec-1] o.a.c.c.C.[Tomcat].[localhost].[/]       : Initializing Spring DispatcherServlet 'dispatcherServlet'
2025-09-29T19:23:09.965+02:00  INFO 9564 --- [http-nio-0.0.0.0-8080-exec-1] o.s.web.servlet.DispatcherServlet        : Initializing Servlet 'dispatcherServlet'
2025-09-29T19:23:09.971+02:00  INFO 9564 --- [http-nio-0.0.0.0-8080-exec-1] o.s.web.servlet.DispatcherServlet        : Completed initialization in 6 ms
